Archive member included to satisfy reference by file (symbol)

c:/intelfpga_lite/18.1/nios2eds/bin/gnu/h-x86_64-mingw32/bin/../lib/gcc/nios2-elf/5.3.0/mno-hw-mul\libgcc.a(lib2-divmod.o)
                              obj/default/hello_world_small.o (__udivsi3)
c:/intelfpga_lite/18.1/nios2eds/bin/gnu/h-x86_64-mingw32/bin/../lib/gcc/nios2-elf/5.3.0/mno-hw-mul\libgcc.a(lib2-mul.o)
                              obj/default/hello_world_small.o (__mulsi3)
../app01_bsp/\libhal_bsp.a(alt_getchar.o)
                              obj/default/hello_world_small.o (alt_getchar)
../app01_bsp/\libhal_bsp.a(alt_load.o)
                              ../app01_bsp//obj/HAL/src/crt0.o (alt_load)
../app01_bsp/\libhal_bsp.a(alt_main.o)
                              ../app01_bsp//obj/HAL/src/crt0.o (alt_main)
../app01_bsp/\libhal_bsp.a(alt_putstr.o)
                              obj/default/hello_world_small.o (alt_putstr)
../app01_bsp/\libhal_bsp.a(alt_sys_init.o)
                              ../app01_bsp/\libhal_bsp.a(alt_main.o) (alt_irq_init)
../app01_bsp/\libhal_bsp.a(altera_avalon_uart_read.o)
                              ../app01_bsp/\libhal_bsp.a(alt_getchar.o) (altera_avalon_uart_read)
../app01_bsp/\libhal_bsp.a(altera_avalon_uart_write.o)
                              ../app01_bsp/\libhal_bsp.a(alt_putstr.o) (altera_avalon_uart_write)
../app01_bsp/\libhal_bsp.a(alt_dcache_flush_all.o)
                              ../app01_bsp/\libhal_bsp.a(alt_load.o) (alt_dcache_flush_all)
../app01_bsp/\libhal_bsp.a(alt_dev.o)
                              ../app01_bsp/\libhal_bsp.a(alt_getchar.o) (alt_fd_list)
../app01_bsp/\libhal_bsp.a(alt_errno.o)
                              ../app01_bsp/\libhal_bsp.a(altera_avalon_uart_read.o) (alt_errno)
../app01_bsp/\libhal_bsp.a(alt_icache_flush_all.o)
                              ../app01_bsp/\libhal_bsp.a(alt_load.o) (alt_icache_flush_all)
../app01_bsp/\libhal_bsp.a(altera_nios2_gen2_irq.o)
                              ../app01_bsp/\libhal_bsp.a(alt_sys_init.o) (altera_nios2_gen2_irq_init)
c:/intelfpga_lite/18.1/nios2eds/bin/gnu/h-x86_64-mingw32/bin/../lib/gcc/nios2-elf/5.3.0/../../../../../H-x86_64-mingw32/nios2-elf/lib/mno-hw-mul\libsmallc.a(lib_a-int_errno.o)
                              ../app01_bsp/\libhal_bsp.a(altera_avalon_uart_read.o) (errno)
c:/intelfpga_lite/18.1/nios2eds/bin/gnu/h-x86_64-mingw32/bin/../lib/gcc/nios2-elf/5.3.0/../../../../../H-x86_64-mingw32/nios2-elf/lib/mno-hw-mul\libsmallc.a(lib_a-strlen.o)
                              ../app01_bsp/\libhal_bsp.a(alt_putstr.o) (strlen)

Allocating common symbols
Common symbol       size              file

errno               0x4               c:/intelfpga_lite/18.1/nios2eds/bin/gnu/h-x86_64-mingw32/bin/../lib/gcc/nios2-elf/5.3.0/../../../../../H-x86_64-mingw32/nios2-elf/lib/mno-hw-mul\libsmallc.a(lib_a-int_errno.o)
Decode              0x20              obj/default/hello_world_small.o
state               0x3               obj/default/hello_world_small.o
regval              0x4               obj/default/hello_world_small.o
Duty                0x20              obj/default/hello_world_small.o
Period              0x20              obj/default/hello_world_small.o

Memory Configuration

Name             Origin             Length             Attributes
onchip_memory2_0_BEFORE_EXCEPTION 0x0000000000010000 0x0000000000000020
onchip_memory2_0 0x0000000000010020 0x0000000000003fe0
reset            0x0000000000070000 0x0000000000000020
epcs_flash_controller_0 0x0000000000070020 0x00000000000007e0
*default*        0x0000000000000000 0xffffffffffffffff

Linker script and memory map

LOAD ../app01_bsp//obj/HAL/src/crt0.o
LOAD obj/default/hello_world_small.o
LOAD c:/intelfpga_lite/18.1/nios2eds/bin/gnu/h-x86_64-mingw32/bin/../lib/gcc/nios2-elf/5.3.0/../../../../../H-x86_64-mingw32/nios2-elf/lib/mno-hw-mul\libstdc++.a
LOAD c:/intelfpga_lite/18.1/nios2eds/bin/gnu/h-x86_64-mingw32/bin/../lib/gcc/nios2-elf/5.3.0/../../../../../H-x86_64-mingw32/nios2-elf/lib/mno-hw-mul\libm.a
LOAD c:/intelfpga_lite/18.1/nios2eds/bin/gnu/h-x86_64-mingw32/bin/../lib/gcc/nios2-elf/5.3.0/mno-hw-mul\libgcc.a
START GROUP
LOAD c:/intelfpga_lite/18.1/nios2eds/bin/gnu/h-x86_64-mingw32/bin/../lib/gcc/nios2-elf/5.3.0/../../../../../H-x86_64-mingw32/nios2-elf/lib/mno-hw-mul\libsmallc.a
LOAD c:/intelfpga_lite/18.1/nios2eds/bin/gnu/h-x86_64-mingw32/bin/../lib/gcc/nios2-elf/5.3.0/mno-hw-mul\libgcc.a
LOAD ../app01_bsp/\libhal_bsp.a
LOAD c:/intelfpga_lite/18.1/nios2eds/bin/gnu/h-x86_64-mingw32/bin/../lib/gcc/nios2-elf/5.3.0/../../../../../H-x86_64-mingw32/nios2-elf/lib/mno-hw-mul\libm.a
END GROUP
LOAD c:/intelfpga_lite/18.1/nios2eds/bin/gnu/h-x86_64-mingw32/bin/../lib/gcc/nios2-elf/5.3.0/mno-hw-mul\libgcc.a
                0x0000000000010000                __alt_mem_onchip_memory2_0 = 0x10000
                0x0000000000070000                __alt_mem_epcs_flash_controller_0 = 0x70000

.entry          0x0000000000070000       0x20
 *(.entry)
 .entry         0x0000000000070000       0x20 ../app01_bsp//obj/HAL/src/crt0.o
                0x0000000000070000                __reset
                0x000000000007000c                _exit

.exceptions     0x0000000000010020        0x0
                0x0000000000010020                PROVIDE (__ram_exceptions_start, ABSOLUTE (.))
                0x0000000000010020                . = ALIGN (0x20)
 *(.irq)
 *(.exceptions.entry.label)
 *(.exceptions.entry.user)
 *(.exceptions.entry.ecc_fatal)
 *(.exceptions.entry)
 *(.exceptions.irqtest.user)
 *(.exceptions.irqtest)
 *(.exceptions.irqhandler.user)
 *(.exceptions.irqhandler)
 *(.exceptions.irqreturn.user)
 *(.exceptions.irqreturn)
 *(.exceptions.notirq.label)
 *(.exceptions.notirq.user)
 *(.exceptions.notirq)
 *(.exceptions.soft.user)
 *(.exceptions.soft)
 *(.exceptions.unknown.user)
 *(.exceptions.unknown)
 *(.exceptions.exit.label)
 *(.exceptions.exit.user)
 *(.exceptions.exit)
 *(.exceptions)
                0x0000000000010020                PROVIDE (__ram_exceptions_end, ABSOLUTE (.))
                0x0000000000010020                PROVIDE (__flash_exceptions_start, LOADADDR (.exceptions))

.text           0x0000000000010020     0x19d8
                [!provide]                        PROVIDE (stext, ABSOLUTE (.))
 *(.interp)
 *(.hash)
 *(.dynsym)
 *(.dynstr)
 *(.gnu.version)
 *(.gnu.version_d)
 *(.gnu.version_r)
 *(.rel.init)
 *(.rela.init)
 *(.rel.text .rel.text.* .rel.gnu.linkonce.t.*)
 *(.rela.text .rela.text.* .rela.gnu.linkonce.t.*)
 *(.rel.fini)
 *(.rela.fini)
 *(.rel.rodata .rel.rodata.* .rel.gnu.linkonce.r.*)
 *(.rela.rodata .rela.rodata.* .rela.gnu.linkonce.r.*)
 *(.rel.data .rel.data.* .rel.gnu.linkonce.d.*)
 *(.rela.data .rela.data.* .rela.gnu.linkonce.d.*)
 *(.rel.tdata .rel.tdata.* .rel.gnu.linkonce.td.*)
 *(.rela.tdata .rela.tdata.* .rela.gnu.linkonce.td.*)
 *(.rel.tbss .rel.tbss.* .rel.gnu.linkonce.tb.*)
 *(.rela.tbss .rela.tbss.* .rela.gnu.linkonce.tb.*)
 *(.rel.ctors)
 *(.rela.ctors)
 *(.rel.dtors)
 *(.rela.dtors)
 *(.rel.got)
 *(.rela.got)
 *(.rel.sdata .rel.sdata.* .rel.gnu.linkonce.s.*)
 *(.rela.sdata .rela.sdata.* .rela.gnu.linkonce.s.*)
 *(.rel.sbss .rel.sbss.* .rel.gnu.linkonce.sb.*)
 *(.rela.sbss .rela.sbss.* .rela.gnu.linkonce.sb.*)
 *(.rel.sdata2 .rel.sdata2.* .rel.gnu.linkonce.s2.*)
 *(.rela.sdata2 .rela.sdata2.* .rela.gnu.linkonce.s2.*)
 *(.rel.sbss2 .rel.sbss2.* .rel.gnu.linkonce.sb2.*)
 *(.rela.sbss2 .rela.sbss2.* .rela.gnu.linkonce.sb2.*)
 *(.rel.bss .rel.bss.* .rel.gnu.linkonce.b.*)
 *(.rela.bss .rela.bss.* .rela.gnu.linkonce.b.*)
 *(.rel.plt)
 *(.rela.plt)
 *(.rel.dyn)
 *(.init)
 *(.plt)
 *(.text .stub .text.* .gnu.linkonce.t.*)
 .text          0x0000000000010020       0x3c ../app01_bsp//obj/HAL/src/crt0.o
                0x0000000000010020                _start
 .text          0x000000000001005c      0x92c obj/default/hello_world_small.o
                0x000000000001005c                _wait
                0x0000000000010094                Seg7Enc
                0x00000000000101fc                TurnOffSeg
                0x0000000000010264                DispPeriod
                0x0000000000010580                DispDuty
                0x000000000001065c                DispChN
                0x0000000000010720                DispAll
                0x0000000000010858                uart_print_help
                0x00000000000108d0                uart_rx_char
 .text.startup  0x0000000000010988      0xbb0 obj/default/hello_world_small.o
                0x0000000000010988                main
 .text          0x0000000000011538      0x1b4 c:/intelfpga_lite/18.1/nios2eds/bin/gnu/h-x86_64-mingw32/bin/../lib/gcc/nios2-elf/5.3.0/mno-hw-mul\libgcc.a(lib2-divmod.o)
                0x0000000000011538                __divsi3
                0x00000000000115bc                __modsi3
                0x0000000000011630                __udivsi3
                0x0000000000011694                __umodsi3
 .text          0x00000000000116ec       0x28 c:/intelfpga_lite/18.1/nios2eds/bin/gnu/h-x86_64-mingw32/bin/../lib/gcc/nios2-elf/5.3.0/mno-hw-mul\libgcc.a(lib2-mul.o)
                0x00000000000116ec                __mulsi3
 .text          0x0000000000011714       0x44 ../app01_bsp/\libhal_bsp.a(alt_getchar.o)
                0x0000000000011714                alt_getchar
 .text          0x0000000000011758       0xe0 ../app01_bsp/\libhal_bsp.a(alt_load.o)
                0x0000000000011758                alt_load
 .text          0x0000000000011838       0x2c ../app01_bsp/\libhal_bsp.a(alt_main.o)
                0x0000000000011838                alt_main
 .text          0x0000000000011864       0x38 ../app01_bsp/\libhal_bsp.a(alt_putstr.o)
                0x0000000000011864                alt_putstr
 .text          0x000000000001189c       0x24 ../app01_bsp/\libhal_bsp.a(alt_sys_init.o)
                0x000000000001189c                alt_irq_init
                0x00000000000118bc                alt_sys_init
 .text          0x00000000000118c0       0x80 ../app01_bsp/\libhal_bsp.a(altera_avalon_uart_read.o)
                0x00000000000118c0                altera_avalon_uart_read
 .text          0x0000000000011940       0x84 ../app01_bsp/\libhal_bsp.a(altera_avalon_uart_write.o)
                0x0000000000011940                altera_avalon_uart_write
 .text          0x00000000000119c4        0x4 ../app01_bsp/\libhal_bsp.a(alt_dcache_flush_all.o)
                0x00000000000119c4                alt_dcache_flush_all
 .text          0x00000000000119c8        0x8 ../app01_bsp/\libhal_bsp.a(alt_dev.o)
 .text          0x00000000000119d0        0x0 ../app01_bsp/\libhal_bsp.a(alt_errno.o)
 .text          0x00000000000119d0        0x4 ../app01_bsp/\libhal_bsp.a(alt_icache_flush_all.o)
                0x00000000000119d0                alt_icache_flush_all
 .text          0x00000000000119d4        0x8 ../app01_bsp/\libhal_bsp.a(altera_nios2_gen2_irq.o)
                0x00000000000119d4                altera_nios2_gen2_irq_init
 .text          0x00000000000119dc        0x0 c:/intelfpga_lite/18.1/nios2eds/bin/gnu/h-x86_64-mingw32/bin/../lib/gcc/nios2-elf/5.3.0/../../../../../H-x86_64-mingw32/nios2-elf/lib/mno-hw-mul\libsmallc.a(lib_a-int_errno.o)
 .text          0x00000000000119dc        0x0 c:/intelfpga_lite/18.1/nios2eds/bin/gnu/h-x86_64-mingw32/bin/../lib/gcc/nios2-elf/5.3.0/../../../../../H-x86_64-mingw32/nios2-elf/lib/mno-hw-mul\libsmallc.a(lib_a-strlen.o)
 .text.strlen   0x00000000000119dc       0x1c c:/intelfpga_lite/18.1/nios2eds/bin/gnu/h-x86_64-mingw32/bin/../lib/gcc/nios2-elf/5.3.0/../../../../../H-x86_64-mingw32/nios2-elf/lib/mno-hw-mul\libsmallc.a(lib_a-strlen.o)
                0x00000000000119dc                strlen
 *(.gnu.warning.*)
 *(.fini)
                [!provide]                        PROVIDE (__etext, ABSOLUTE (.))
                [!provide]                        PROVIDE (_etext, ABSOLUTE (.))
                [!provide]                        PROVIDE (etext, ABSOLUTE (.))
 *(.eh_frame_hdr)
                0x00000000000119f8                . = ALIGN (0x4)
                [!provide]                        PROVIDE (__preinit_array_start, ABSOLUTE (.))
 *(.preinit_array)
                [!provide]                        PROVIDE (__preinit_array_end, ABSOLUTE (.))
                [!provide]                        PROVIDE (__init_array_start, ABSOLUTE (.))
 *(.init_array)
                [!provide]                        PROVIDE (__init_array_end, ABSOLUTE (.))
                [!provide]                        PROVIDE (__fini_array_start, ABSOLUTE (.))
 *(.fini_array)
                [!provide]                        PROVIDE (__fini_array_end, ABSOLUTE (.))
 *(.eh_frame)
 *(.gcc_except_table .gcc_except_table.*)
 *(.dynamic)
                [!provide]                        PROVIDE (__CTOR_LIST__, ABSOLUTE (.))
 *(.ctors)
 *(SORT(.ctors.*))
                [!provide]                        PROVIDE (__CTOR_END__, ABSOLUTE (.))
                [!provide]                        PROVIDE (__DTOR_LIST__, ABSOLUTE (.))
 *(.dtors)
 *(SORT(.dtors.*))
                [!provide]                        PROVIDE (__DTOR_END__, ABSOLUTE (.))
 *(.jcr)
                0x00000000000119f8                . = ALIGN (0x4)

.rodata         0x00000000000119f8      0x204
                0x00000000000119f8                PROVIDE (__ram_rodata_start, ABSOLUTE (.))
                0x00000000000119f8                . = ALIGN (0x4)
 *(.rodata .rodata.* .gnu.linkonce.r.*)
 .rodata.str1.4
                0x00000000000119f8      0x1f7 obj/default/hello_world_small.o
                                        0x1fb (size before relaxing)
 *fill*         0x0000000000011bef        0x1 
 .rodata.str1.4
                0x0000000000011bf0        0xc ../app01_bsp/\libhal_bsp.a(alt_dev.o)
                                          0xa (size before relaxing)
 *(.rodata1)
                0x0000000000011bfc                . = ALIGN (0x4)
                0x0000000000011bfc                PROVIDE (__ram_rodata_end, ABSOLUTE (.))
                0x00000000000119f8                PROVIDE (__flash_rodata_start, LOADADDR (.rodata))

.rwdata         0x0000000000011bfc       0x74 load address 0x0000000000011c70
                0x0000000000011bfc                PROVIDE (__ram_rwdata_start, ABSOLUTE (.))
                0x0000000000011bfc                . = ALIGN (0x4)
 *(.got.plt)
 *(.got)
 *(.data1)
 *(.data .data.* .gnu.linkonce.d.*)
 .data          0x0000000000011bfc        0x0 ../app01_bsp//obj/HAL/src/crt0.o
 .data          0x0000000000011bfc        0x0 obj/default/hello_world_small.o
 .data          0x0000000000011bfc        0x0 c:/intelfpga_lite/18.1/nios2eds/bin/gnu/h-x86_64-mingw32/bin/../lib/gcc/nios2-elf/5.3.0/mno-hw-mul\libgcc.a(lib2-divmod.o)
 .data          0x0000000000011bfc        0x0 c:/intelfpga_lite/18.1/nios2eds/bin/gnu/h-x86_64-mingw32/bin/../lib/gcc/nios2-elf/5.3.0/mno-hw-mul\libgcc.a(lib2-mul.o)
 .data          0x0000000000011bfc        0x0 ../app01_bsp/\libhal_bsp.a(alt_getchar.o)
 .data          0x0000000000011bfc        0x0 ../app01_bsp/\libhal_bsp.a(alt_load.o)
 .data          0x0000000000011bfc        0x0 ../app01_bsp/\libhal_bsp.a(alt_main.o)
 .data          0x0000000000011bfc        0x0 ../app01_bsp/\libhal_bsp.a(alt_putstr.o)
 .data          0x0000000000011bfc        0x0 ../app01_bsp/\libhal_bsp.a(alt_sys_init.o)
 .data          0x0000000000011bfc        0x0 ../app01_bsp/\libhal_bsp.a(altera_avalon_uart_read.o)
 .data          0x0000000000011bfc        0x0 ../app01_bsp/\libhal_bsp.a(altera_avalon_uart_write.o)
 .data          0x0000000000011bfc        0x0 ../app01_bsp/\libhal_bsp.a(alt_dcache_flush_all.o)
 .data          0x0000000000011bfc       0x58 ../app01_bsp/\libhal_bsp.a(alt_dev.o)
                0x0000000000011bfc                alt_fd_list
                0x0000000000011c2c                alt_dev_null
 .data          0x0000000000011c54        0x0 ../app01_bsp/\libhal_bsp.a(alt_errno.o)
 .data          0x0000000000011c54        0x0 ../app01_bsp/\libhal_bsp.a(alt_icache_flush_all.o)
 .data          0x0000000000011c54        0x0 ../app01_bsp/\libhal_bsp.a(altera_nios2_gen2_irq.o)
 .data          0x0000000000011c54        0x0 c:/intelfpga_lite/18.1/nios2eds/bin/gnu/h-x86_64-mingw32/bin/../lib/gcc/nios2-elf/5.3.0/../../../../../H-x86_64-mingw32/nios2-elf/lib/mno-hw-mul\libsmallc.a(lib_a-int_errno.o)
 .data          0x0000000000011c54        0x0 c:/intelfpga_lite/18.1/nios2eds/bin/gnu/h-x86_64-mingw32/bin/../lib/gcc/nios2-elf/5.3.0/../../../../../H-x86_64-mingw32/nios2-elf/lib/mno-hw-mul\libsmallc.a(lib_a-strlen.o)
                0x0000000000019c54                _gp = ABSOLUTE ((. + 0x8000))
                [!provide]                        PROVIDE (gp, _gp)
 *(.rwdata .rwdata.*)
 *(.sdata .sdata.* .gnu.linkonce.s.*)
 .sdata         0x0000000000011c54        0x4 ../app01_bsp/\libhal_bsp.a(alt_sys_init.o)
                0x0000000000011c54                uart_0
 .sdata         0x0000000000011c58       0x14 ../app01_bsp/\libhal_bsp.a(alt_dev.o)
                0x0000000000011c58                alt_max_fd
                0x0000000000011c5c                alt_dev_list
                0x0000000000011c64                alt_fs_list
 .sdata         0x0000000000011c6c        0x4 ../app01_bsp/\libhal_bsp.a(alt_errno.o)
                0x0000000000011c6c                alt_errno
 *(.sdata2 .sdata2.* .gnu.linkonce.s2.*)
                0x0000000000011c70                . = ALIGN (0x4)
                0x0000000000011c70                _edata = ABSOLUTE (.)
                [!provide]                        PROVIDE (edata, ABSOLUTE (.))
                0x0000000000011c70                PROVIDE (__ram_rwdata_end, ABSOLUTE (.))
                0x0000000000011c70                PROVIDE (__flash_rwdata_start, LOADADDR (.rwdata))

.bss            0x0000000000011ce4       0x90
                0x0000000000011ce4                __bss_start = ABSOLUTE (.)
                [!provide]                        PROVIDE (__sbss_start, ABSOLUTE (.))
                [!provide]                        PROVIDE (___sbss_start, ABSOLUTE (.))
 *(.dynsbss)
 *(.sbss .sbss.* .gnu.linkonce.sb.*)
 .sbss          0x0000000000011ce4       0x18 obj/default/hello_world_small.o
                0x0000000000011ce4                ChN
                0x0000000000011ce8                Category
                0x0000000000011cec                blinkco
                0x0000000000011cf0                BlinkEnb
                0x0000000000011cf4                dn
                0x0000000000011cf8                pn
 .sbss          0x0000000000011cfc        0x8 obj/default/hello_world_small.o
                0x0000000000011cfc                state
                0x0000000000011d00                regval
 .sbss          0x0000000000011d04        0xc ../app01_bsp/\libhal_bsp.a(alt_main.o)
                0x0000000000011d04                alt_envp
                0x0000000000011d08                alt_argv
                0x0000000000011d0c                alt_argc
 .sbss          0x0000000000011d10        0x4 c:/intelfpga_lite/18.1/nios2eds/bin/gnu/h-x86_64-mingw32/bin/../lib/gcc/nios2-elf/5.3.0/../../../../../H-x86_64-mingw32/nios2-elf/lib/mno-hw-mul\libsmallc.a(lib_a-int_errno.o)
                0x0000000000011d10                errno
 *(.sbss2 .sbss2.* .gnu.linkonce.sb2.*)
 *(.scommon)
                [!provide]                        PROVIDE (__sbss_end, ABSOLUTE (.))
                [!provide]                        PROVIDE (___sbss_end, ABSOLUTE (.))
 *(.dynbss)
 *(.bss .bss.* .gnu.linkonce.b.*)
 .bss           0x0000000000011d14        0x0 ../app01_bsp//obj/HAL/src/crt0.o
 .bss           0x0000000000011d14        0x0 obj/default/hello_world_small.o
 .bss           0x0000000000011d14        0x0 c:/intelfpga_lite/18.1/nios2eds/bin/gnu/h-x86_64-mingw32/bin/../lib/gcc/nios2-elf/5.3.0/mno-hw-mul\libgcc.a(lib2-divmod.o)
 .bss           0x0000000000011d14        0x0 c:/intelfpga_lite/18.1/nios2eds/bin/gnu/h-x86_64-mingw32/bin/../lib/gcc/nios2-elf/5.3.0/mno-hw-mul\libgcc.a(lib2-mul.o)
 .bss           0x0000000000011d14        0x0 ../app01_bsp/\libhal_bsp.a(alt_getchar.o)
 .bss           0x0000000000011d14        0x0 ../app01_bsp/\libhal_bsp.a(alt_load.o)
 .bss           0x0000000000011d14        0x0 ../app01_bsp/\libhal_bsp.a(alt_main.o)
 .bss           0x0000000000011d14        0x0 ../app01_bsp/\libhal_bsp.a(alt_putstr.o)
 .bss           0x0000000000011d14        0x0 ../app01_bsp/\libhal_bsp.a(alt_sys_init.o)
 .bss           0x0000000000011d14        0x0 ../app01_bsp/\libhal_bsp.a(altera_avalon_uart_read.o)
 .bss           0x0000000000011d14        0x0 ../app01_bsp/\libhal_bsp.a(altera_avalon_uart_write.o)
 .bss           0x0000000000011d14        0x0 ../app01_bsp/\libhal_bsp.a(alt_dcache_flush_all.o)
 .bss           0x0000000000011d14        0x0 ../app01_bsp/\libhal_bsp.a(alt_dev.o)
 .bss           0x0000000000011d14        0x0 ../app01_bsp/\libhal_bsp.a(alt_errno.o)
 .bss           0x0000000000011d14        0x0 ../app01_bsp/\libhal_bsp.a(alt_icache_flush_all.o)
 .bss           0x0000000000011d14        0x0 ../app01_bsp/\libhal_bsp.a(altera_nios2_gen2_irq.o)
 .bss           0x0000000000011d14        0x0 c:/intelfpga_lite/18.1/nios2eds/bin/gnu/h-x86_64-mingw32/bin/../lib/gcc/nios2-elf/5.3.0/../../../../../H-x86_64-mingw32/nios2-elf/lib/mno-hw-mul\libsmallc.a(lib_a-int_errno.o)
 .bss           0x0000000000011d14        0x0 c:/intelfpga_lite/18.1/nios2eds/bin/gnu/h-x86_64-mingw32/bin/../lib/gcc/nios2-elf/5.3.0/../../../../../H-x86_64-mingw32/nios2-elf/lib/mno-hw-mul\libsmallc.a(lib_a-strlen.o)
 *(COMMON)
 COMMON         0x0000000000011d14       0x60 obj/default/hello_world_small.o
                0x0000000000011d14                Decode
                0x0000000000011d34                Duty
                0x0000000000011d54                Period
                0x0000000000011d74                . = ALIGN (0x4)
                0x0000000000011d74                __bss_end = ABSOLUTE (.)

.onchip_memory2_0
                0x0000000000011d74        0x0
                [!provide]                        PROVIDE (_alt_partition_onchip_memory2_0_start, ABSOLUTE (.))
 *(.onchip_memory2_0 .onchip_memory2_0. onchip_memory2_0.*)
                0x0000000000011d74                . = ALIGN (0x4)
                [!provide]                        PROVIDE (_alt_partition_onchip_memory2_0_end, ABSOLUTE (.))
                0x0000000000011d74                _end = ABSOLUTE (.)
                0x0000000000011d74                end = ABSOLUTE (.)
                0x0000000000011d74                __alt_stack_base = ABSOLUTE (.)
                [!provide]                        PROVIDE (_alt_partition_onchip_memory2_0_load_addr, LOADADDR (.onchip_memory2_0))

.epcs_flash_controller_0
                0x0000000000070020        0x0 load address 0x0000000000011d74
                [!provide]                        PROVIDE (_alt_partition_epcs_flash_controller_0_start, ABSOLUTE (.))
 *(.epcs_flash_controller_0 .epcs_flash_controller_0. epcs_flash_controller_0.*)
                0x0000000000070020                . = ALIGN (0x4)
                [!provide]                        PROVIDE (_alt_partition_epcs_flash_controller_0_end, ABSOLUTE (.))
                [!provide]                        PROVIDE (_alt_partition_epcs_flash_controller_0_load_addr, LOADADDR (.epcs_flash_controller_0))

.stab
 *(.stab)

.stabstr
 *(.stabstr)

.stab.excl
 *(.stab.excl)

.stab.exclstr
 *(.stab.exclstr)

.stab.index
 *(.stab.index)

.stab.indexstr
 *(.stab.indexstr)

.comment        0x0000000000000000       0x23
 *(.comment)
 .comment       0x0000000000000000       0x23 obj/default/hello_world_small.o
                                         0x24 (size before relaxing)
 .comment       0x0000000000000023       0x24 c:/intelfpga_lite/18.1/nios2eds/bin/gnu/h-x86_64-mingw32/bin/../lib/gcc/nios2-elf/5.3.0/mno-hw-mul\libgcc.a(lib2-divmod.o)
 .comment       0x0000000000000023       0x24 c:/intelfpga_lite/18.1/nios2eds/bin/gnu/h-x86_64-mingw32/bin/../lib/gcc/nios2-elf/5.3.0/mno-hw-mul\libgcc.a(lib2-mul.o)
 .comment       0x0000000000000023       0x24 ../app01_bsp/\libhal_bsp.a(alt_getchar.o)
 .comment       0x0000000000000023       0x24 ../app01_bsp/\libhal_bsp.a(alt_load.o)
 .comment       0x0000000000000023       0x24 ../app01_bsp/\libhal_bsp.a(alt_main.o)
 .comment       0x0000000000000023       0x24 ../app01_bsp/\libhal_bsp.a(alt_putstr.o)
 .comment       0x0000000000000023       0x24 ../app01_bsp/\libhal_bsp.a(alt_sys_init.o)
 .comment       0x0000000000000023       0x24 ../app01_bsp/\libhal_bsp.a(altera_avalon_uart_read.o)
 .comment       0x0000000000000023       0x24 ../app01_bsp/\libhal_bsp.a(altera_avalon_uart_write.o)
 .comment       0x0000000000000023       0x24 ../app01_bsp/\libhal_bsp.a(alt_dcache_flush_all.o)
 .comment       0x0000000000000023       0x24 ../app01_bsp/\libhal_bsp.a(alt_dev.o)
 .comment       0x0000000000000023       0x24 ../app01_bsp/\libhal_bsp.a(alt_errno.o)
 .comment       0x0000000000000023       0x24 ../app01_bsp/\libhal_bsp.a(alt_icache_flush_all.o)
 .comment       0x0000000000000023       0x24 ../app01_bsp/\libhal_bsp.a(altera_nios2_gen2_irq.o)
 .comment       0x0000000000000023       0x24 c:/intelfpga_lite/18.1/nios2eds/bin/gnu/h-x86_64-mingw32/bin/../lib/gcc/nios2-elf/5.3.0/../../../../../H-x86_64-mingw32/nios2-elf/lib/mno-hw-mul\libsmallc.a(lib_a-int_errno.o)
 .comment       0x0000000000000023       0x24 c:/intelfpga_lite/18.1/nios2eds/bin/gnu/h-x86_64-mingw32/bin/../lib/gcc/nios2-elf/5.3.0/../../../../../H-x86_64-mingw32/nios2-elf/lib/mno-hw-mul\libsmallc.a(lib_a-strlen.o)

.debug
 *(.debug)

.line
 *(.line)

.debug_srcinfo
 *(.debug_srcinfo)

.debug_sfnames
 *(.debug_sfnames)

.debug_aranges  0x0000000000000000      0x240
 *(.debug_aranges)
 .debug_aranges
                0x0000000000000000       0x28 ../app01_bsp//obj/HAL/src/crt0.o
 .debug_aranges
                0x0000000000000028       0x28 obj/default/hello_world_small.o
 .debug_aranges
                0x0000000000000050       0x20 c:/intelfpga_lite/18.1/nios2eds/bin/gnu/h-x86_64-mingw32/bin/../lib/gcc/nios2-elf/5.3.0/mno-hw-mul\libgcc.a(lib2-divmod.o)
 .debug_aranges
                0x0000000000000070       0x20 c:/intelfpga_lite/18.1/nios2eds/bin/gnu/h-x86_64-mingw32/bin/../lib/gcc/nios2-elf/5.3.0/mno-hw-mul\libgcc.a(lib2-mul.o)
 .debug_aranges
                0x0000000000000090       0x20 ../app01_bsp/\libhal_bsp.a(alt_getchar.o)
 .debug_aranges
                0x00000000000000b0       0x20 ../app01_bsp/\libhal_bsp.a(alt_load.o)
 .debug_aranges
                0x00000000000000d0       0x20 ../app01_bsp/\libhal_bsp.a(alt_main.o)
 .debug_aranges
                0x00000000000000f0       0x20 ../app01_bsp/\libhal_bsp.a(alt_putstr.o)
 .debug_aranges
                0x0000000000000110       0x20 ../app01_bsp/\libhal_bsp.a(alt_sys_init.o)
 .debug_aranges
                0x0000000000000130       0x20 ../app01_bsp/\libhal_bsp.a(altera_avalon_uart_read.o)
 .debug_aranges
                0x0000000000000150       0x20 ../app01_bsp/\libhal_bsp.a(altera_avalon_uart_write.o)
 .debug_aranges
                0x0000000000000170       0x20 ../app01_bsp/\libhal_bsp.a(alt_dcache_flush_all.o)
 .debug_aranges
                0x0000000000000190       0x20 ../app01_bsp/\libhal_bsp.a(alt_dev.o)
 .debug_aranges
                0x00000000000001b0       0x18 ../app01_bsp/\libhal_bsp.a(alt_errno.o)
 .debug_aranges
                0x00000000000001c8       0x20 ../app01_bsp/\libhal_bsp.a(alt_icache_flush_all.o)
 .debug_aranges
                0x00000000000001e8       0x20 ../app01_bsp/\libhal_bsp.a(altera_nios2_gen2_irq.o)
 .debug_aranges
                0x0000000000000208       0x18 c:/intelfpga_lite/18.1/nios2eds/bin/gnu/h-x86_64-mingw32/bin/../lib/gcc/nios2-elf/5.3.0/../../../../../H-x86_64-mingw32/nios2-elf/lib/mno-hw-mul\libsmallc.a(lib_a-int_errno.o)
 .debug_aranges
                0x0000000000000220       0x20 c:/intelfpga_lite/18.1/nios2eds/bin/gnu/h-x86_64-mingw32/bin/../lib/gcc/nios2-elf/5.3.0/../../../../../H-x86_64-mingw32/nios2-elf/lib/mno-hw-mul\libsmallc.a(lib_a-strlen.o)

.debug_pubnames
 *(.debug_pubnames)

.debug_info     0x0000000000000000     0x1f9d
 *(.debug_info .gnu.linkonce.wi.*)
 .debug_info    0x0000000000000000       0x5a ../app01_bsp//obj/HAL/src/crt0.o
 .debug_info    0x000000000000005a      0x706 obj/default/hello_world_small.o
 .debug_info    0x0000000000000760      0x2c6 c:/intelfpga_lite/18.1/nios2eds/bin/gnu/h-x86_64-mingw32/bin/../lib/gcc/nios2-elf/5.3.0/mno-hw-mul\libgcc.a(lib2-divmod.o)
 .debug_info    0x0000000000000a26       0xb4 c:/intelfpga_lite/18.1/nios2eds/bin/gnu/h-x86_64-mingw32/bin/../lib/gcc/nios2-elf/5.3.0/mno-hw-mul\libgcc.a(lib2-mul.o)
 .debug_info    0x0000000000000ada      0x32d ../app01_bsp/\libhal_bsp.a(alt_getchar.o)
 .debug_info    0x0000000000000e07      0x1c9 ../app01_bsp/\libhal_bsp.a(alt_load.o)
 .debug_info    0x0000000000000fd0      0x169 ../app01_bsp/\libhal_bsp.a(alt_main.o)
 .debug_info    0x0000000000001139      0x13a ../app01_bsp/\libhal_bsp.a(alt_putstr.o)
 .debug_info    0x0000000000001273      0x16a ../app01_bsp/\libhal_bsp.a(alt_sys_init.o)
 .debug_info    0x00000000000013dd      0x1b2 ../app01_bsp/\libhal_bsp.a(altera_avalon_uart_read.o)
 .debug_info    0x000000000000158f      0x1c6 ../app01_bsp/\libhal_bsp.a(altera_avalon_uart_write.o)
 .debug_info    0x0000000000001755       0x92 ../app01_bsp/\libhal_bsp.a(alt_dcache_flush_all.o)
 .debug_info    0x00000000000017e7      0x499 ../app01_bsp/\libhal_bsp.a(alt_dev.o)
 .debug_info    0x0000000000001c80       0xa6 ../app01_bsp/\libhal_bsp.a(alt_errno.o)
 .debug_info    0x0000000000001d26       0x92 ../app01_bsp/\libhal_bsp.a(alt_icache_flush_all.o)
 .debug_info    0x0000000000001db8       0x92 ../app01_bsp/\libhal_bsp.a(altera_nios2_gen2_irq.o)
 .debug_info    0x0000000000001e4a       0x8a c:/intelfpga_lite/18.1/nios2eds/bin/gnu/h-x86_64-mingw32/bin/../lib/gcc/nios2-elf/5.3.0/../../../../../H-x86_64-mingw32/nios2-elf/lib/mno-hw-mul\libsmallc.a(lib_a-int_errno.o)
 .debug_info    0x0000000000001ed4       0xc9 c:/intelfpga_lite/18.1/nios2eds/bin/gnu/h-x86_64-mingw32/bin/../lib/gcc/nios2-elf/5.3.0/../../../../../H-x86_64-mingw32/nios2-elf/lib/mno-hw-mul\libsmallc.a(lib_a-strlen.o)

.debug_abbrev   0x0000000000000000      0xd1b
 *(.debug_abbrev)
 .debug_abbrev  0x0000000000000000       0x12 ../app01_bsp//obj/HAL/src/crt0.o
 .debug_abbrev  0x0000000000000012      0x25e obj/default/hello_world_small.o
 .debug_abbrev  0x0000000000000270      0x10e c:/intelfpga_lite/18.1/nios2eds/bin/gnu/h-x86_64-mingw32/bin/../lib/gcc/nios2-elf/5.3.0/mno-hw-mul\libgcc.a(lib2-divmod.o)
 .debug_abbrev  0x000000000000037e       0x6f c:/intelfpga_lite/18.1/nios2eds/bin/gnu/h-x86_64-mingw32/bin/../lib/gcc/nios2-elf/5.3.0/mno-hw-mul\libgcc.a(lib2-mul.o)
 .debug_abbrev  0x00000000000003ed      0x11d ../app01_bsp/\libhal_bsp.a(alt_getchar.o)
 .debug_abbrev  0x000000000000050a       0xd8 ../app01_bsp/\libhal_bsp.a(alt_load.o)
 .debug_abbrev  0x00000000000005e2       0xee ../app01_bsp/\libhal_bsp.a(alt_main.o)
 .debug_abbrev  0x00000000000006d0       0xd3 ../app01_bsp/\libhal_bsp.a(alt_putstr.o)
 .debug_abbrev  0x00000000000007a3      0x100 ../app01_bsp/\libhal_bsp.a(alt_sys_init.o)
 .debug_abbrev  0x00000000000008a3       0xe1 ../app01_bsp/\libhal_bsp.a(altera_avalon_uart_read.o)
 .debug_abbrev  0x0000000000000984       0xe8 ../app01_bsp/\libhal_bsp.a(altera_avalon_uart_write.o)
 .debug_abbrev  0x0000000000000a6c       0x42 ../app01_bsp/\libhal_bsp.a(alt_dcache_flush_all.o)
 .debug_abbrev  0x0000000000000aae       0xd9 ../app01_bsp/\libhal_bsp.a(alt_dev.o)
 .debug_abbrev  0x0000000000000b87       0x5a ../app01_bsp/\libhal_bsp.a(alt_errno.o)
 .debug_abbrev  0x0000000000000be1       0x42 ../app01_bsp/\libhal_bsp.a(alt_icache_flush_all.o)
 .debug_abbrev  0x0000000000000c23       0x42 ../app01_bsp/\libhal_bsp.a(altera_nios2_gen2_irq.o)
 .debug_abbrev  0x0000000000000c65       0x37 c:/intelfpga_lite/18.1/nios2eds/bin/gnu/h-x86_64-mingw32/bin/../lib/gcc/nios2-elf/5.3.0/../../../../../H-x86_64-mingw32/nios2-elf/lib/mno-hw-mul\libsmallc.a(lib_a-int_errno.o)
 .debug_abbrev  0x0000000000000c9c       0x7f c:/intelfpga_lite/18.1/nios2eds/bin/gnu/h-x86_64-mingw32/bin/../lib/gcc/nios2-elf/5.3.0/../../../../../H-x86_64-mingw32/nios2-elf/lib/mno-hw-mul\libsmallc.a(lib_a-strlen.o)

.debug_line     0x0000000000000000     0x1032
 *(.debug_line)
 .debug_line    0x0000000000000000       0x66 ../app01_bsp//obj/HAL/src/crt0.o
 .debug_line    0x0000000000000066      0x4d7 obj/default/hello_world_small.o
 .debug_line    0x000000000000053d      0x105 c:/intelfpga_lite/18.1/nios2eds/bin/gnu/h-x86_64-mingw32/bin/../lib/gcc/nios2-elf/5.3.0/mno-hw-mul\libgcc.a(lib2-divmod.o)
 .debug_line    0x0000000000000642       0x80 c:/intelfpga_lite/18.1/nios2eds/bin/gnu/h-x86_64-mingw32/bin/../lib/gcc/nios2-elf/5.3.0/mno-hw-mul\libgcc.a(lib2-mul.o)
 .debug_line    0x00000000000006c2       0xb7 ../app01_bsp/\libhal_bsp.a(alt_getchar.o)
 .debug_line    0x0000000000000779       0xa4 ../app01_bsp/\libhal_bsp.a(alt_load.o)
 .debug_line    0x000000000000081d       0xbd ../app01_bsp/\libhal_bsp.a(alt_main.o)
 .debug_line    0x00000000000008da       0xa0 ../app01_bsp/\libhal_bsp.a(alt_putstr.o)
 .debug_line    0x000000000000097a       0xe2 ../app01_bsp/\libhal_bsp.a(alt_sys_init.o)
 .debug_line    0x0000000000000a5c       0xfc ../app01_bsp/\libhal_bsp.a(altera_avalon_uart_read.o)
 .debug_line    0x0000000000000b58       0xec ../app01_bsp/\libhal_bsp.a(altera_avalon_uart_write.o)
 .debug_line    0x0000000000000c44       0x4e ../app01_bsp/\libhal_bsp.a(alt_dcache_flush_all.o)
 .debug_line    0x0000000000000c92       0xf6 ../app01_bsp/\libhal_bsp.a(alt_dev.o)
 .debug_line    0x0000000000000d88       0x51 ../app01_bsp/\libhal_bsp.a(alt_errno.o)
 .debug_line    0x0000000000000dd9       0x4e ../app01_bsp/\libhal_bsp.a(alt_icache_flush_all.o)
 .debug_line    0x0000000000000e27       0x50 ../app01_bsp/\libhal_bsp.a(altera_nios2_gen2_irq.o)
 .debug_line    0x0000000000000e77       0x5f c:/intelfpga_lite/18.1/nios2eds/bin/gnu/h-x86_64-mingw32/bin/../lib/gcc/nios2-elf/5.3.0/../../../../../H-x86_64-mingw32/nios2-elf/lib/mno-hw-mul\libsmallc.a(lib_a-int_errno.o)
 .debug_line    0x0000000000000ed6      0x15c c:/intelfpga_lite/18.1/nios2eds/bin/gnu/h-x86_64-mingw32/bin/../lib/gcc/nios2-elf/5.3.0/../../../../../H-x86_64-mingw32/nios2-elf/lib/mno-hw-mul\libsmallc.a(lib_a-strlen.o)

.debug_frame    0x0000000000000000      0x3bc
 *(.debug_frame)
 .debug_frame   0x0000000000000000      0x158 obj/default/hello_world_small.o
 .debug_frame   0x0000000000000158       0x50 c:/intelfpga_lite/18.1/nios2eds/bin/gnu/h-x86_64-mingw32/bin/../lib/gcc/nios2-elf/5.3.0/mno-hw-mul\libgcc.a(lib2-divmod.o)
 .debug_frame   0x00000000000001a8       0x20 c:/intelfpga_lite/18.1/nios2eds/bin/gnu/h-x86_64-mingw32/bin/../lib/gcc/nios2-elf/5.3.0/mno-hw-mul\libgcc.a(lib2-mul.o)
 .debug_frame   0x00000000000001c8       0x2c ../app01_bsp/\libhal_bsp.a(alt_getchar.o)
 .debug_frame   0x00000000000001f4       0x30 ../app01_bsp/\libhal_bsp.a(alt_load.o)
 .debug_frame   0x0000000000000224       0x2c ../app01_bsp/\libhal_bsp.a(alt_main.o)
 .debug_frame   0x0000000000000250       0x30 ../app01_bsp/\libhal_bsp.a(alt_putstr.o)
 .debug_frame   0x0000000000000280       0x3c ../app01_bsp/\libhal_bsp.a(alt_sys_init.o)
 .debug_frame   0x00000000000002bc       0x2c ../app01_bsp/\libhal_bsp.a(altera_avalon_uart_read.o)
 .debug_frame   0x00000000000002e8       0x34 ../app01_bsp/\libhal_bsp.a(altera_avalon_uart_write.o)
 .debug_frame   0x000000000000031c       0x20 ../app01_bsp/\libhal_bsp.a(alt_dcache_flush_all.o)
 .debug_frame   0x000000000000033c       0x20 ../app01_bsp/\libhal_bsp.a(alt_dev.o)
 .debug_frame   0x000000000000035c       0x20 ../app01_bsp/\libhal_bsp.a(alt_icache_flush_all.o)
 .debug_frame   0x000000000000037c       0x20 ../app01_bsp/\libhal_bsp.a(altera_nios2_gen2_irq.o)
 .debug_frame   0x000000000000039c       0x20 c:/intelfpga_lite/18.1/nios2eds/bin/gnu/h-x86_64-mingw32/bin/../lib/gcc/nios2-elf/5.3.0/../../../../../H-x86_64-mingw32/nios2-elf/lib/mno-hw-mul\libsmallc.a(lib_a-strlen.o)

.debug_str      0x0000000000000000      0xacd
 *(.debug_str)
 .debug_str     0x0000000000000000      0x1f3 obj/default/hello_world_small.o
                                        0x243 (size before relaxing)
 .debug_str     0x00000000000001f3      0x187 c:/intelfpga_lite/18.1/nios2eds/bin/gnu/h-x86_64-mingw32/bin/../lib/gcc/nios2-elf/5.3.0/mno-hw-mul\libgcc.a(lib2-divmod.o)
                                        0x1d2 (size before relaxing)
 .debug_str     0x000000000000037a       0x40 c:/intelfpga_lite/18.1/nios2eds/bin/gnu/h-x86_64-mingw32/bin/../lib/gcc/nios2-elf/5.3.0/mno-hw-mul\libgcc.a(lib2-mul.o)
                                        0x193 (size before relaxing)
 .debug_str     0x00000000000003ba       0xdb ../app01_bsp/\libhal_bsp.a(alt_getchar.o)
                                        0x215 (size before relaxing)
 .debug_str     0x0000000000000495      0x11b ../app01_bsp/\libhal_bsp.a(alt_load.o)
                                        0x228 (size before relaxing)
 .debug_str     0x00000000000005b0       0x5e ../app01_bsp/\libhal_bsp.a(alt_main.o)
                                        0x1a1 (size before relaxing)
 .debug_str     0x000000000000060e       0x35 ../app01_bsp/\libhal_bsp.a(alt_putstr.o)
                                        0x16f (size before relaxing)
 .debug_str     0x0000000000000643       0x79 ../app01_bsp/\libhal_bsp.a(alt_sys_init.o)
                                        0x1f3 (size before relaxing)
 .debug_str     0x00000000000006bc       0x4b ../app01_bsp/\libhal_bsp.a(altera_avalon_uart_read.o)
                                        0x1ed (size before relaxing)
 .debug_str     0x0000000000000707       0x27 ../app01_bsp/\libhal_bsp.a(altera_avalon_uart_write.o)
                                        0x1f5 (size before relaxing)
 .debug_str     0x000000000000072e       0x1f ../app01_bsp/\libhal_bsp.a(alt_dcache_flush_all.o)
                                        0x141 (size before relaxing)
 .debug_str     0x000000000000074d      0x120 ../app01_bsp/\libhal_bsp.a(alt_dev.o)
                                        0x2f1 (size before relaxing)
 .debug_str     0x000000000000086d       0x14 ../app01_bsp/\libhal_bsp.a(alt_errno.o)
                                        0x131 (size before relaxing)
 .debug_str     0x0000000000000881       0x1f ../app01_bsp/\libhal_bsp.a(alt_icache_flush_all.o)
                                        0x141 (size before relaxing)
 .debug_str     0x00000000000008a0       0x20 ../app01_bsp/\libhal_bsp.a(altera_nios2_gen2_irq.o)
                                        0x148 (size before relaxing)
 .debug_str     0x00000000000008c0      0x134 c:/intelfpga_lite/18.1/nios2eds/bin/gnu/h-x86_64-mingw32/bin/../lib/gcc/nios2-elf/5.3.0/../../../../../H-x86_64-mingw32/nios2-elf/lib/mno-hw-mul\libsmallc.a(lib_a-int_errno.o)
                                        0x1d8 (size before relaxing)
 .debug_str     0x00000000000009f4       0xd9 c:/intelfpga_lite/18.1/nios2eds/bin/gnu/h-x86_64-mingw32/bin/../lib/gcc/nios2-elf/5.3.0/../../../../../H-x86_64-mingw32/nios2-elf/lib/mno-hw-mul\libsmallc.a(lib_a-strlen.o)
                                        0x1e5 (size before relaxing)

.debug_loc      0x0000000000000000      0xcbe
 *(.debug_loc)
 .debug_loc     0x0000000000000000      0x485 obj/default/hello_world_small.o
 .debug_loc     0x0000000000000485      0x4ce c:/intelfpga_lite/18.1/nios2eds/bin/gnu/h-x86_64-mingw32/bin/../lib/gcc/nios2-elf/5.3.0/mno-hw-mul\libgcc.a(lib2-divmod.o)
 .debug_loc     0x0000000000000953       0x93 c:/intelfpga_lite/18.1/nios2eds/bin/gnu/h-x86_64-mingw32/bin/../lib/gcc/nios2-elf/5.3.0/mno-hw-mul\libgcc.a(lib2-mul.o)
 .debug_loc     0x00000000000009e6       0x37 ../app01_bsp/\libhal_bsp.a(alt_putstr.o)
 .debug_loc     0x0000000000000a1d       0x21 ../app01_bsp/\libhal_bsp.a(alt_sys_init.o)
 .debug_loc     0x0000000000000a3e      0x106 ../app01_bsp/\libhal_bsp.a(altera_avalon_uart_read.o)
 .debug_loc     0x0000000000000b44      0x15c ../app01_bsp/\libhal_bsp.a(altera_avalon_uart_write.o)
 .debug_loc     0x0000000000000ca0       0x1e c:/intelfpga_lite/18.1/nios2eds/bin/gnu/h-x86_64-mingw32/bin/../lib/gcc/nios2-elf/5.3.0/../../../../../H-x86_64-mingw32/nios2-elf/lib/mno-hw-mul\libsmallc.a(lib_a-strlen.o)

.debug_macinfo
 *(.debug_macinfo)

.debug_weaknames
 *(.debug_weaknames)

.debug_funcnames
 *(.debug_funcnames)

.debug_typenames
 *(.debug_typenames)

.debug_varnames
 *(.debug_varnames)

.debug_alt_sim_info
                0x0000000000000000       0x10
 *(.debug_alt_sim_info)
 .debug_alt_sim_info
                0x0000000000000000       0x10 ../app01_bsp//obj/HAL/src/crt0.o
                0x0000000000014000                __alt_data_end = 0x14000
                0x0000000000014000                PROVIDE (__alt_stack_pointer, __alt_data_end)
                [!provide]                        PROVIDE (__alt_stack_limit, __alt_stack_base)
                [!provide]                        PROVIDE (__alt_heap_start, end)
                [!provide]                        PROVIDE (__alt_heap_limit, 0x14000)
OUTPUT(app01.elf elf32-littlenios2)

.debug_ranges   0x0000000000000000      0x128
 .debug_ranges  0x0000000000000000       0x20 ../app01_bsp//obj/HAL/src/crt0.o
 .debug_ranges  0x0000000000000020       0x30 obj/default/hello_world_small.o
 .debug_ranges  0x0000000000000050       0x60 c:/intelfpga_lite/18.1/nios2eds/bin/gnu/h-x86_64-mingw32/bin/../lib/gcc/nios2-elf/5.3.0/mno-hw-mul\libgcc.a(lib2-divmod.o)
 .debug_ranges  0x00000000000000b0       0x48 ../app01_bsp/\libhal_bsp.a(alt_load.o)
 .debug_ranges  0x00000000000000f8       0x20 ../app01_bsp/\libhal_bsp.a(altera_avalon_uart_read.o)
 .debug_ranges  0x0000000000000118       0x10 c:/intelfpga_lite/18.1/nios2eds/bin/gnu/h-x86_64-mingw32/bin/../lib/gcc/nios2-elf/5.3.0/../../../../../H-x86_64-mingw32/nios2-elf/lib/mno-hw-mul\libsmallc.a(lib_a-strlen.o)
