Archive member included to satisfy reference by file (symbol)

c:/intelfpga_lite/18.1/nios2eds/bin/gnu/h-x86_64-mingw32/bin/../lib/gcc/nios2-elf/5.3.0/mno-hw-mul\libgcc.a(lib2-divmod.o)
                              obj/default/hello_world_small.o (__udivsi3)
c:/intelfpga_lite/18.1/nios2eds/bin/gnu/h-x86_64-mingw32/bin/../lib/gcc/nios2-elf/5.3.0/mno-hw-mul\libgcc.a(lib2-mul.o)
                              obj/default/hello_world_small.o (__mulsi3)
../app00_bsp/\libhal_bsp.a(alt_load.o)
                              ../app00_bsp//obj/HAL/src/crt0.o (alt_load)
../app00_bsp/\libhal_bsp.a(alt_main.o)
                              ../app00_bsp//obj/HAL/src/crt0.o (alt_main)
../app00_bsp/\libhal_bsp.a(alt_putstr.o)
                              obj/default/hello_world_small.o (alt_putstr)
../app00_bsp/\libhal_bsp.a(alt_sys_init.o)
                              ../app00_bsp/\libhal_bsp.a(alt_main.o) (alt_irq_init)
../app00_bsp/\libhal_bsp.a(alt_dcache_flush_all.o)
                              ../app00_bsp/\libhal_bsp.a(alt_load.o) (alt_dcache_flush_all)
../app00_bsp/\libhal_bsp.a(alt_icache_flush_all.o)
                              ../app00_bsp/\libhal_bsp.a(alt_load.o) (alt_icache_flush_all)
../app00_bsp/\libhal_bsp.a(altera_nios2_gen2_irq.o)
                              ../app00_bsp/\libhal_bsp.a(alt_sys_init.o) (altera_nios2_gen2_irq_init)
c:/intelfpga_lite/18.1/nios2eds/bin/gnu/h-x86_64-mingw32/bin/../lib/gcc/nios2-elf/5.3.0/../../../../../H-x86_64-mingw32/nios2-elf/lib/mno-hw-mul\libsmallc.a(lib_a-strlen.o)
                              ../app00_bsp/\libhal_bsp.a(alt_putstr.o) (strlen)

Allocating common symbols
Common symbol       size              file

Decode              0x20              obj/default/hello_world_small.o
state               0x3               obj/default/hello_world_small.o
onechar             0x1               obj/default/hello_world_small.o
regval              0x4               obj/default/hello_world_small.o
Duty                0x20              obj/default/hello_world_small.o
Period              0x20              obj/default/hello_world_small.o

Memory Configuration

Name             Origin             Length             Attributes
reset            0x0000000000010000 0x0000000000000020
onchip_memory2_0 0x0000000000010020 0x0000000000003fe0
*default*        0x0000000000000000 0xffffffffffffffff

Linker script and memory map

LOAD ../app00_bsp//obj/HAL/src/crt0.o
LOAD obj/default/hello_world_small.o
LOAD c:/intelfpga_lite/18.1/nios2eds/bin/gnu/h-x86_64-mingw32/bin/../lib/gcc/nios2-elf/5.3.0/../../../../../H-x86_64-mingw32/nios2-elf/lib/mno-hw-mul\libstdc++.a
LOAD c:/intelfpga_lite/18.1/nios2eds/bin/gnu/h-x86_64-mingw32/bin/../lib/gcc/nios2-elf/5.3.0/../../../../../H-x86_64-mingw32/nios2-elf/lib/mno-hw-mul\libm.a
LOAD c:/intelfpga_lite/18.1/nios2eds/bin/gnu/h-x86_64-mingw32/bin/../lib/gcc/nios2-elf/5.3.0/mno-hw-mul\libgcc.a
START GROUP
LOAD c:/intelfpga_lite/18.1/nios2eds/bin/gnu/h-x86_64-mingw32/bin/../lib/gcc/nios2-elf/5.3.0/../../../../../H-x86_64-mingw32/nios2-elf/lib/mno-hw-mul\libsmallc.a
LOAD c:/intelfpga_lite/18.1/nios2eds/bin/gnu/h-x86_64-mingw32/bin/../lib/gcc/nios2-elf/5.3.0/mno-hw-mul\libgcc.a
LOAD ../app00_bsp/\libhal_bsp.a
LOAD c:/intelfpga_lite/18.1/nios2eds/bin/gnu/h-x86_64-mingw32/bin/../lib/gcc/nios2-elf/5.3.0/../../../../../H-x86_64-mingw32/nios2-elf/lib/mno-hw-mul\libm.a
END GROUP
LOAD c:/intelfpga_lite/18.1/nios2eds/bin/gnu/h-x86_64-mingw32/bin/../lib/gcc/nios2-elf/5.3.0/mno-hw-mul\libgcc.a
                0x0000000000010000                __alt_mem_onchip_memory2_0 = 0x10000

.entry          0x0000000000010000       0x20
 *(.entry)
 .entry         0x0000000000010000       0x20 ../app00_bsp//obj/HAL/src/crt0.o
                0x0000000000010000                __reset
                0x000000000001000c                _exit

.exceptions     0x0000000000010020        0x0
                0x0000000000010020                PROVIDE (__ram_exceptions_start, ABSOLUTE (.))
                0x0000000000010020                . = ALIGN (0x20)
 *(.irq)
 *(.exceptions.entry.label)
 *(.exceptions.entry.user)
 *(.exceptions.entry.ecc_fatal)
 *(.exceptions.entry)
 *(.exceptions.irqtest.user)
 *(.exceptions.irqtest)
 *(.exceptions.irqhandler.user)
 *(.exceptions.irqhandler)
 *(.exceptions.irqreturn.user)
 *(.exceptions.irqreturn)
 *(.exceptions.notirq.label)
 *(.exceptions.notirq.user)
 *(.exceptions.notirq)
 *(.exceptions.soft.user)
 *(.exceptions.soft)
 *(.exceptions.unknown.user)
 *(.exceptions.unknown)
 *(.exceptions.exit.label)
 *(.exceptions.exit.user)
 *(.exceptions.exit)
 *(.exceptions)
                0x0000000000010020                PROVIDE (__ram_exceptions_end, ABSOLUTE (.))
                0x0000000000010020                PROVIDE (__flash_exceptions_start, LOADADDR (.exceptions))

.text           0x0000000000010020     0x1694
                [!provide]                        PROVIDE (stext, ABSOLUTE (.))
 *(.interp)
 *(.hash)
 *(.dynsym)
 *(.dynstr)
 *(.gnu.version)
 *(.gnu.version_d)
 *(.gnu.version_r)
 *(.rel.init)
 *(.rela.init)
 *(.rel.text .rel.text.* .rel.gnu.linkonce.t.*)
 *(.rela.text .rela.text.* .rela.gnu.linkonce.t.*)
 *(.rel.fini)
 *(.rela.fini)
 *(.rel.rodata .rel.rodata.* .rel.gnu.linkonce.r.*)
 *(.rela.rodata .rela.rodata.* .rela.gnu.linkonce.r.*)
 *(.rel.data .rel.data.* .rel.gnu.linkonce.d.*)
 *(.rela.data .rela.data.* .rela.gnu.linkonce.d.*)
 *(.rel.tdata .rel.tdata.* .rel.gnu.linkonce.td.*)
 *(.rela.tdata .rela.tdata.* .rela.gnu.linkonce.td.*)
 *(.rel.tbss .rel.tbss.* .rel.gnu.linkonce.tb.*)
 *(.rela.tbss .rela.tbss.* .rela.gnu.linkonce.tb.*)
 *(.rel.ctors)
 *(.rela.ctors)
 *(.rel.dtors)
 *(.rela.dtors)
 *(.rel.got)
 *(.rela.got)
 *(.rel.sdata .rel.sdata.* .rel.gnu.linkonce.s.*)
 *(.rela.sdata .rela.sdata.* .rela.gnu.linkonce.s.*)
 *(.rel.sbss .rel.sbss.* .rel.gnu.linkonce.sb.*)
 *(.rela.sbss .rela.sbss.* .rela.gnu.linkonce.sb.*)
 *(.rel.sdata2 .rel.sdata2.* .rel.gnu.linkonce.s2.*)
 *(.rela.sdata2 .rela.sdata2.* .rela.gnu.linkonce.s2.*)
 *(.rel.sbss2 .rel.sbss2.* .rel.gnu.linkonce.sb2.*)
 *(.rela.sbss2 .rela.sbss2.* .rela.gnu.linkonce.sb2.*)
 *(.rel.bss .rel.bss.* .rel.gnu.linkonce.b.*)
 *(.rela.bss .rela.bss.* .rela.gnu.linkonce.b.*)
 *(.rel.plt)
 *(.rela.plt)
 *(.rel.dyn)
 *(.init)
 *(.plt)
 *(.text .stub .text.* .gnu.linkonce.t.*)
 .text          0x0000000000010020       0x3c ../app00_bsp//obj/HAL/src/crt0.o
                0x0000000000010020                _start
 .text          0x000000000001005c      0x7fc obj/default/hello_world_small.o
                0x000000000001005c                _wait
                0x0000000000010094                Seg7Enc
                0x00000000000101fc                TurnOffSeg
                0x0000000000010264                DispPeriod
                0x0000000000010580                DispDuty
                0x000000000001065c                DispChN
                0x0000000000010720                DispAll
 .text.startup  0x0000000000010858      0xaec obj/default/hello_world_small.o
                0x0000000000010858                main
 .text          0x0000000000011344      0x1b4 c:/intelfpga_lite/18.1/nios2eds/bin/gnu/h-x86_64-mingw32/bin/../lib/gcc/nios2-elf/5.3.0/mno-hw-mul\libgcc.a(lib2-divmod.o)
                0x0000000000011344                __divsi3
                0x00000000000113c8                __modsi3
                0x000000000001143c                __udivsi3
                0x00000000000114a0                __umodsi3
 .text          0x00000000000114f8       0x28 c:/intelfpga_lite/18.1/nios2eds/bin/gnu/h-x86_64-mingw32/bin/../lib/gcc/nios2-elf/5.3.0/mno-hw-mul\libgcc.a(lib2-mul.o)
                0x00000000000114f8                __mulsi3
 .text          0x0000000000011520       0xe0 ../app00_bsp/\libhal_bsp.a(alt_load.o)
                0x0000000000011520                alt_load
 .text          0x0000000000011600       0x2c ../app00_bsp/\libhal_bsp.a(alt_main.o)
                0x0000000000011600                alt_main
 .text          0x000000000001162c       0x38 ../app00_bsp/\libhal_bsp.a(alt_putstr.o)
                0x000000000001162c                alt_putstr
 .text          0x0000000000011664       0x24 ../app00_bsp/\libhal_bsp.a(alt_sys_init.o)
                0x0000000000011664                alt_irq_init
                0x0000000000011684                alt_sys_init
 .text          0x0000000000011688        0x4 ../app00_bsp/\libhal_bsp.a(alt_dcache_flush_all.o)
                0x0000000000011688                alt_dcache_flush_all
 .text          0x000000000001168c        0x4 ../app00_bsp/\libhal_bsp.a(alt_icache_flush_all.o)
                0x000000000001168c                alt_icache_flush_all
 .text          0x0000000000011690        0x8 ../app00_bsp/\libhal_bsp.a(altera_nios2_gen2_irq.o)
                0x0000000000011690                altera_nios2_gen2_irq_init
 .text          0x0000000000011698        0x0 c:/intelfpga_lite/18.1/nios2eds/bin/gnu/h-x86_64-mingw32/bin/../lib/gcc/nios2-elf/5.3.0/../../../../../H-x86_64-mingw32/nios2-elf/lib/mno-hw-mul\libsmallc.a(lib_a-strlen.o)
 .text.strlen   0x0000000000011698       0x1c c:/intelfpga_lite/18.1/nios2eds/bin/gnu/h-x86_64-mingw32/bin/../lib/gcc/nios2-elf/5.3.0/../../../../../H-x86_64-mingw32/nios2-elf/lib/mno-hw-mul\libsmallc.a(lib_a-strlen.o)
                0x0000000000011698                strlen
 *(.gnu.warning.*)
 *(.fini)
                [!provide]                        PROVIDE (__etext, ABSOLUTE (.))
                [!provide]                        PROVIDE (_etext, ABSOLUTE (.))
                [!provide]                        PROVIDE (etext, ABSOLUTE (.))
 *(.eh_frame_hdr)
                0x00000000000116b4                . = ALIGN (0x4)
                [!provide]                        PROVIDE (__preinit_array_start, ABSOLUTE (.))
 *(.preinit_array)
                [!provide]                        PROVIDE (__preinit_array_end, ABSOLUTE (.))
                [!provide]                        PROVIDE (__init_array_start, ABSOLUTE (.))
 *(.init_array)
                [!provide]                        PROVIDE (__init_array_end, ABSOLUTE (.))
                [!provide]                        PROVIDE (__fini_array_start, ABSOLUTE (.))
 *(.fini_array)
                [!provide]                        PROVIDE (__fini_array_end, ABSOLUTE (.))
 *(.eh_frame)
 *(.gcc_except_table .gcc_except_table.*)
 *(.dynamic)
                [!provide]                        PROVIDE (__CTOR_LIST__, ABSOLUTE (.))
 *(.ctors)
 *(SORT(.ctors.*))
                [!provide]                        PROVIDE (__CTOR_END__, ABSOLUTE (.))
                [!provide]                        PROVIDE (__DTOR_LIST__, ABSOLUTE (.))
 *(.dtors)
 *(SORT(.dtors.*))
                [!provide]                        PROVIDE (__DTOR_END__, ABSOLUTE (.))
 *(.jcr)
                0x00000000000116b4                . = ALIGN (0x4)

.rodata         0x00000000000116b4       0x20
                0x00000000000116b4                PROVIDE (__ram_rodata_start, ABSOLUTE (.))
                0x00000000000116b4                . = ALIGN (0x4)
 *(.rodata .rodata.* .gnu.linkonce.r.*)
 .rodata.str1.4
                0x00000000000116b4       0x20 obj/default/hello_world_small.o
                                         0x1d (size before relaxing)
 *(.rodata1)
                0x00000000000116d4                . = ALIGN (0x4)
                0x00000000000116d4                PROVIDE (__ram_rodata_end, ABSOLUTE (.))
                0x00000000000116b4                PROVIDE (__flash_rodata_start, LOADADDR (.rodata))

.rwdata         0x00000000000116d4        0x4 load address 0x00000000000116d8
                0x00000000000116d4                PROVIDE (__ram_rwdata_start, ABSOLUTE (.))
                0x00000000000116d4                . = ALIGN (0x4)
 *(.got.plt)
 *(.got)
 *(.data1)
 *(.data .data.* .gnu.linkonce.d.*)
 .data          0x00000000000116d4        0x0 ../app00_bsp//obj/HAL/src/crt0.o
 .data          0x00000000000116d4        0x0 obj/default/hello_world_small.o
 .data          0x00000000000116d4        0x0 c:/intelfpga_lite/18.1/nios2eds/bin/gnu/h-x86_64-mingw32/bin/../lib/gcc/nios2-elf/5.3.0/mno-hw-mul\libgcc.a(lib2-divmod.o)
 .data          0x00000000000116d4        0x0 c:/intelfpga_lite/18.1/nios2eds/bin/gnu/h-x86_64-mingw32/bin/../lib/gcc/nios2-elf/5.3.0/mno-hw-mul\libgcc.a(lib2-mul.o)
 .data          0x00000000000116d4        0x0 ../app00_bsp/\libhal_bsp.a(alt_load.o)
 .data          0x00000000000116d4        0x0 ../app00_bsp/\libhal_bsp.a(alt_main.o)
 .data          0x00000000000116d4        0x0 ../app00_bsp/\libhal_bsp.a(alt_putstr.o)
 .data          0x00000000000116d4        0x0 ../app00_bsp/\libhal_bsp.a(alt_sys_init.o)
 .data          0x00000000000116d4        0x0 ../app00_bsp/\libhal_bsp.a(alt_dcache_flush_all.o)
 .data          0x00000000000116d4        0x0 ../app00_bsp/\libhal_bsp.a(alt_icache_flush_all.o)
 .data          0x00000000000116d4        0x0 ../app00_bsp/\libhal_bsp.a(altera_nios2_gen2_irq.o)
 .data          0x00000000000116d4        0x0 c:/intelfpga_lite/18.1/nios2eds/bin/gnu/h-x86_64-mingw32/bin/../lib/gcc/nios2-elf/5.3.0/../../../../../H-x86_64-mingw32/nios2-elf/lib/mno-hw-mul\libsmallc.a(lib_a-strlen.o)
                0x00000000000196d4                _gp = ABSOLUTE ((. + 0x8000))
                [!provide]                        PROVIDE (gp, _gp)
 *(.rwdata .rwdata.*)
 *(.sdata .sdata.* .gnu.linkonce.s.*)
 .sdata         0x00000000000116d4        0x4 ../app00_bsp/\libhal_bsp.a(alt_sys_init.o)
                0x00000000000116d4                uart_0
 *(.sdata2 .sdata2.* .gnu.linkonce.s2.*)
                0x00000000000116d8                . = ALIGN (0x4)
                0x00000000000116d8                _edata = ABSOLUTE (.)
                [!provide]                        PROVIDE (edata, ABSOLUTE (.))
                0x00000000000116d8                PROVIDE (__ram_rwdata_end, ABSOLUTE (.))
                0x00000000000116d8                PROVIDE (__flash_rwdata_start, LOADADDR (.rwdata))

.bss            0x00000000000116dc       0x8c
                0x00000000000116dc                __bss_start = ABSOLUTE (.)
                [!provide]                        PROVIDE (__sbss_start, ABSOLUTE (.))
                [!provide]                        PROVIDE (___sbss_start, ABSOLUTE (.))
 *(.dynsbss)
 *(.sbss .sbss.* .gnu.linkonce.sb.*)
 .sbss          0x00000000000116dc       0x18 obj/default/hello_world_small.o
                0x00000000000116dc                ChN
                0x00000000000116e0                Category
                0x00000000000116e4                blinkco
                0x00000000000116e8                BlinkEnb
                0x00000000000116ec                dn
                0x00000000000116f0                pn
 .sbss          0x00000000000116f4        0x8 obj/default/hello_world_small.o
                0x00000000000116f4                state
                0x00000000000116f7                onechar
                0x00000000000116f8                regval
 .sbss          0x00000000000116fc        0xc ../app00_bsp/\libhal_bsp.a(alt_main.o)
                0x00000000000116fc                alt_envp
                0x0000000000011700                alt_argv
                0x0000000000011704                alt_argc
 *(.sbss2 .sbss2.* .gnu.linkonce.sb2.*)
 *(.scommon)
                [!provide]                        PROVIDE (__sbss_end, ABSOLUTE (.))
                [!provide]                        PROVIDE (___sbss_end, ABSOLUTE (.))
 *(.dynbss)
 *(.bss .bss.* .gnu.linkonce.b.*)
 .bss           0x0000000000011708        0x0 ../app00_bsp//obj/HAL/src/crt0.o
 .bss           0x0000000000011708        0x0 obj/default/hello_world_small.o
 .bss           0x0000000000011708        0x0 c:/intelfpga_lite/18.1/nios2eds/bin/gnu/h-x86_64-mingw32/bin/../lib/gcc/nios2-elf/5.3.0/mno-hw-mul\libgcc.a(lib2-divmod.o)
 .bss           0x0000000000011708        0x0 c:/intelfpga_lite/18.1/nios2eds/bin/gnu/h-x86_64-mingw32/bin/../lib/gcc/nios2-elf/5.3.0/mno-hw-mul\libgcc.a(lib2-mul.o)
 .bss           0x0000000000011708        0x0 ../app00_bsp/\libhal_bsp.a(alt_load.o)
 .bss           0x0000000000011708        0x0 ../app00_bsp/\libhal_bsp.a(alt_main.o)
 .bss           0x0000000000011708        0x0 ../app00_bsp/\libhal_bsp.a(alt_putstr.o)
 .bss           0x0000000000011708        0x0 ../app00_bsp/\libhal_bsp.a(alt_sys_init.o)
 .bss           0x0000000000011708        0x0 ../app00_bsp/\libhal_bsp.a(alt_dcache_flush_all.o)
 .bss           0x0000000000011708        0x0 ../app00_bsp/\libhal_bsp.a(alt_icache_flush_all.o)
 .bss           0x0000000000011708        0x0 ../app00_bsp/\libhal_bsp.a(altera_nios2_gen2_irq.o)
 .bss           0x0000000000011708        0x0 c:/intelfpga_lite/18.1/nios2eds/bin/gnu/h-x86_64-mingw32/bin/../lib/gcc/nios2-elf/5.3.0/../../../../../H-x86_64-mingw32/nios2-elf/lib/mno-hw-mul\libsmallc.a(lib_a-strlen.o)
 *(COMMON)
 COMMON         0x0000000000011708       0x60 obj/default/hello_world_small.o
                0x0000000000011708                Decode
                0x0000000000011728                Duty
                0x0000000000011748                Period
                0x0000000000011768                . = ALIGN (0x4)
                0x0000000000011768                __bss_end = ABSOLUTE (.)

.onchip_memory2_0
                0x0000000000011768        0x0
                [!provide]                        PROVIDE (_alt_partition_onchip_memory2_0_start, ABSOLUTE (.))
 *(.onchip_memory2_0 .onchip_memory2_0. onchip_memory2_0.*)
                0x0000000000011768                . = ALIGN (0x4)
                [!provide]                        PROVIDE (_alt_partition_onchip_memory2_0_end, ABSOLUTE (.))
                0x0000000000011768                _end = ABSOLUTE (.)
                0x0000000000011768                end = ABSOLUTE (.)
                0x0000000000011768                __alt_stack_base = ABSOLUTE (.)
                [!provide]                        PROVIDE (_alt_partition_onchip_memory2_0_load_addr, LOADADDR (.onchip_memory2_0))

.stab
 *(.stab)

.stabstr
 *(.stabstr)

.stab.excl
 *(.stab.excl)

.stab.exclstr
 *(.stab.exclstr)

.stab.index
 *(.stab.index)

.stab.indexstr
 *(.stab.indexstr)

.comment        0x0000000000000000       0x23
 *(.comment)
 .comment       0x0000000000000000       0x23 obj/default/hello_world_small.o
                                         0x24 (size before relaxing)
 .comment       0x0000000000000023       0x24 c:/intelfpga_lite/18.1/nios2eds/bin/gnu/h-x86_64-mingw32/bin/../lib/gcc/nios2-elf/5.3.0/mno-hw-mul\libgcc.a(lib2-divmod.o)
 .comment       0x0000000000000023       0x24 c:/intelfpga_lite/18.1/nios2eds/bin/gnu/h-x86_64-mingw32/bin/../lib/gcc/nios2-elf/5.3.0/mno-hw-mul\libgcc.a(lib2-mul.o)
 .comment       0x0000000000000023       0x24 ../app00_bsp/\libhal_bsp.a(alt_load.o)
 .comment       0x0000000000000023       0x24 ../app00_bsp/\libhal_bsp.a(alt_main.o)
 .comment       0x0000000000000023       0x24 ../app00_bsp/\libhal_bsp.a(alt_putstr.o)
 .comment       0x0000000000000023       0x24 ../app00_bsp/\libhal_bsp.a(alt_sys_init.o)
 .comment       0x0000000000000023       0x24 ../app00_bsp/\libhal_bsp.a(alt_dcache_flush_all.o)
 .comment       0x0000000000000023       0x24 ../app00_bsp/\libhal_bsp.a(alt_icache_flush_all.o)
 .comment       0x0000000000000023       0x24 ../app00_bsp/\libhal_bsp.a(altera_nios2_gen2_irq.o)
 .comment       0x0000000000000023       0x24 c:/intelfpga_lite/18.1/nios2eds/bin/gnu/h-x86_64-mingw32/bin/../lib/gcc/nios2-elf/5.3.0/../../../../../H-x86_64-mingw32/nios2-elf/lib/mno-hw-mul\libsmallc.a(lib_a-strlen.o)

.debug
 *(.debug)

.line
 *(.line)

.debug_srcinfo
 *(.debug_srcinfo)

.debug_sfnames
 *(.debug_sfnames)

.debug_aranges  0x0000000000000000      0x190
 *(.debug_aranges)
 .debug_aranges
                0x0000000000000000       0x28 ../app00_bsp//obj/HAL/src/crt0.o
 .debug_aranges
                0x0000000000000028       0x28 obj/default/hello_world_small.o
 .debug_aranges
                0x0000000000000050       0x20 c:/intelfpga_lite/18.1/nios2eds/bin/gnu/h-x86_64-mingw32/bin/../lib/gcc/nios2-elf/5.3.0/mno-hw-mul\libgcc.a(lib2-divmod.o)
 .debug_aranges
                0x0000000000000070       0x20 c:/intelfpga_lite/18.1/nios2eds/bin/gnu/h-x86_64-mingw32/bin/../lib/gcc/nios2-elf/5.3.0/mno-hw-mul\libgcc.a(lib2-mul.o)
 .debug_aranges
                0x0000000000000090       0x20 ../app00_bsp/\libhal_bsp.a(alt_load.o)
 .debug_aranges
                0x00000000000000b0       0x20 ../app00_bsp/\libhal_bsp.a(alt_main.o)
 .debug_aranges
                0x00000000000000d0       0x20 ../app00_bsp/\libhal_bsp.a(alt_putstr.o)
 .debug_aranges
                0x00000000000000f0       0x20 ../app00_bsp/\libhal_bsp.a(alt_sys_init.o)
 .debug_aranges
                0x0000000000000110       0x20 ../app00_bsp/\libhal_bsp.a(alt_dcache_flush_all.o)
 .debug_aranges
                0x0000000000000130       0x20 ../app00_bsp/\libhal_bsp.a(alt_icache_flush_all.o)
 .debug_aranges
                0x0000000000000150       0x20 ../app00_bsp/\libhal_bsp.a(altera_nios2_gen2_irq.o)
 .debug_aranges
                0x0000000000000170       0x20 c:/intelfpga_lite/18.1/nios2eds/bin/gnu/h-x86_64-mingw32/bin/../lib/gcc/nios2-elf/5.3.0/../../../../../H-x86_64-mingw32/nios2-elf/lib/mno-hw-mul\libsmallc.a(lib_a-strlen.o)

.debug_pubnames
 *(.debug_pubnames)

.debug_info     0x0000000000000000     0x11e0
 *(.debug_info .gnu.linkonce.wi.*)
 .debug_info    0x0000000000000000       0x5a ../app00_bsp//obj/HAL/src/crt0.o
 .debug_info    0x000000000000005a      0x5c2 obj/default/hello_world_small.o
 .debug_info    0x000000000000061c      0x2c6 c:/intelfpga_lite/18.1/nios2eds/bin/gnu/h-x86_64-mingw32/bin/../lib/gcc/nios2-elf/5.3.0/mno-hw-mul\libgcc.a(lib2-divmod.o)
 .debug_info    0x00000000000008e2       0xb4 c:/intelfpga_lite/18.1/nios2eds/bin/gnu/h-x86_64-mingw32/bin/../lib/gcc/nios2-elf/5.3.0/mno-hw-mul\libgcc.a(lib2-mul.o)
 .debug_info    0x0000000000000996      0x1c9 ../app00_bsp/\libhal_bsp.a(alt_load.o)
 .debug_info    0x0000000000000b5f      0x169 ../app00_bsp/\libhal_bsp.a(alt_main.o)
 .debug_info    0x0000000000000cc8      0x13a ../app00_bsp/\libhal_bsp.a(alt_putstr.o)
 .debug_info    0x0000000000000e02      0x15f ../app00_bsp/\libhal_bsp.a(alt_sys_init.o)
 .debug_info    0x0000000000000f61       0x92 ../app00_bsp/\libhal_bsp.a(alt_dcache_flush_all.o)
 .debug_info    0x0000000000000ff3       0x92 ../app00_bsp/\libhal_bsp.a(alt_icache_flush_all.o)
 .debug_info    0x0000000000001085       0x92 ../app00_bsp/\libhal_bsp.a(altera_nios2_gen2_irq.o)
 .debug_info    0x0000000000001117       0xc9 c:/intelfpga_lite/18.1/nios2eds/bin/gnu/h-x86_64-mingw32/bin/../lib/gcc/nios2-elf/5.3.0/../../../../../H-x86_64-mingw32/nios2-elf/lib/mno-hw-mul\libsmallc.a(lib_a-strlen.o)

.debug_abbrev   0x0000000000000000      0x8bd
 *(.debug_abbrev)
 .debug_abbrev  0x0000000000000000       0x12 ../app00_bsp//obj/HAL/src/crt0.o
 .debug_abbrev  0x0000000000000012      0x250 obj/default/hello_world_small.o
 .debug_abbrev  0x0000000000000262      0x10e c:/intelfpga_lite/18.1/nios2eds/bin/gnu/h-x86_64-mingw32/bin/../lib/gcc/nios2-elf/5.3.0/mno-hw-mul\libgcc.a(lib2-divmod.o)
 .debug_abbrev  0x0000000000000370       0x6f c:/intelfpga_lite/18.1/nios2eds/bin/gnu/h-x86_64-mingw32/bin/../lib/gcc/nios2-elf/5.3.0/mno-hw-mul\libgcc.a(lib2-mul.o)
 .debug_abbrev  0x00000000000003df       0xd8 ../app00_bsp/\libhal_bsp.a(alt_load.o)
 .debug_abbrev  0x00000000000004b7       0xee ../app00_bsp/\libhal_bsp.a(alt_main.o)
 .debug_abbrev  0x00000000000005a5       0xd3 ../app00_bsp/\libhal_bsp.a(alt_putstr.o)
 .debug_abbrev  0x0000000000000678      0x100 ../app00_bsp/\libhal_bsp.a(alt_sys_init.o)
 .debug_abbrev  0x0000000000000778       0x42 ../app00_bsp/\libhal_bsp.a(alt_dcache_flush_all.o)
 .debug_abbrev  0x00000000000007ba       0x42 ../app00_bsp/\libhal_bsp.a(alt_icache_flush_all.o)
 .debug_abbrev  0x00000000000007fc       0x42 ../app00_bsp/\libhal_bsp.a(altera_nios2_gen2_irq.o)
 .debug_abbrev  0x000000000000083e       0x7f c:/intelfpga_lite/18.1/nios2eds/bin/gnu/h-x86_64-mingw32/bin/../lib/gcc/nios2-elf/5.3.0/../../../../../H-x86_64-mingw32/nios2-elf/lib/mno-hw-mul\libsmallc.a(lib_a-strlen.o)

.debug_line     0x0000000000000000      0xb93
 *(.debug_line)
 .debug_line    0x0000000000000000       0x66 ../app00_bsp//obj/HAL/src/crt0.o
 .debug_line    0x0000000000000066      0x490 obj/default/hello_world_small.o
 .debug_line    0x00000000000004f6      0x105 c:/intelfpga_lite/18.1/nios2eds/bin/gnu/h-x86_64-mingw32/bin/../lib/gcc/nios2-elf/5.3.0/mno-hw-mul\libgcc.a(lib2-divmod.o)
 .debug_line    0x00000000000005fb       0x80 c:/intelfpga_lite/18.1/nios2eds/bin/gnu/h-x86_64-mingw32/bin/../lib/gcc/nios2-elf/5.3.0/mno-hw-mul\libgcc.a(lib2-mul.o)
 .debug_line    0x000000000000067b       0xa4 ../app00_bsp/\libhal_bsp.a(alt_load.o)
 .debug_line    0x000000000000071f       0xbd ../app00_bsp/\libhal_bsp.a(alt_main.o)
 .debug_line    0x00000000000007dc       0xa0 ../app00_bsp/\libhal_bsp.a(alt_putstr.o)
 .debug_line    0x000000000000087c       0xcf ../app00_bsp/\libhal_bsp.a(alt_sys_init.o)
 .debug_line    0x000000000000094b       0x4e ../app00_bsp/\libhal_bsp.a(alt_dcache_flush_all.o)
 .debug_line    0x0000000000000999       0x4e ../app00_bsp/\libhal_bsp.a(alt_icache_flush_all.o)
 .debug_line    0x00000000000009e7       0x50 ../app00_bsp/\libhal_bsp.a(altera_nios2_gen2_irq.o)
 .debug_line    0x0000000000000a37      0x15c c:/intelfpga_lite/18.1/nios2eds/bin/gnu/h-x86_64-mingw32/bin/../lib/gcc/nios2-elf/5.3.0/../../../../../H-x86_64-mingw32/nios2-elf/lib/mno-hw-mul\libsmallc.a(lib_a-strlen.o)

.debug_frame    0x0000000000000000      0x2c0
 *(.debug_frame)
 .debug_frame   0x0000000000000000      0x108 obj/default/hello_world_small.o
 .debug_frame   0x0000000000000108       0x50 c:/intelfpga_lite/18.1/nios2eds/bin/gnu/h-x86_64-mingw32/bin/../lib/gcc/nios2-elf/5.3.0/mno-hw-mul\libgcc.a(lib2-divmod.o)
 .debug_frame   0x0000000000000158       0x20 c:/intelfpga_lite/18.1/nios2eds/bin/gnu/h-x86_64-mingw32/bin/../lib/gcc/nios2-elf/5.3.0/mno-hw-mul\libgcc.a(lib2-mul.o)
 .debug_frame   0x0000000000000178       0x30 ../app00_bsp/\libhal_bsp.a(alt_load.o)
 .debug_frame   0x00000000000001a8       0x2c ../app00_bsp/\libhal_bsp.a(alt_main.o)
 .debug_frame   0x00000000000001d4       0x30 ../app00_bsp/\libhal_bsp.a(alt_putstr.o)
 .debug_frame   0x0000000000000204       0x3c ../app00_bsp/\libhal_bsp.a(alt_sys_init.o)
 .debug_frame   0x0000000000000240       0x20 ../app00_bsp/\libhal_bsp.a(alt_dcache_flush_all.o)
 .debug_frame   0x0000000000000260       0x20 ../app00_bsp/\libhal_bsp.a(alt_icache_flush_all.o)
 .debug_frame   0x0000000000000280       0x20 ../app00_bsp/\libhal_bsp.a(altera_nios2_gen2_irq.o)
 .debug_frame   0x00000000000002a0       0x20 c:/intelfpga_lite/18.1/nios2eds/bin/gnu/h-x86_64-mingw32/bin/../lib/gcc/nios2-elf/5.3.0/../../../../../H-x86_64-mingw32/nios2-elf/lib/mno-hw-mul\libsmallc.a(lib_a-strlen.o)

.debug_str      0x0000000000000000      0x7ab
 *(.debug_str)
 .debug_str     0x0000000000000000      0x1ca obj/default/hello_world_small.o
                                        0x21a (size before relaxing)
 .debug_str     0x00000000000001ca      0x187 c:/intelfpga_lite/18.1/nios2eds/bin/gnu/h-x86_64-mingw32/bin/../lib/gcc/nios2-elf/5.3.0/mno-hw-mul\libgcc.a(lib2-divmod.o)
                                        0x1d2 (size before relaxing)
 .debug_str     0x0000000000000351       0x40 c:/intelfpga_lite/18.1/nios2eds/bin/gnu/h-x86_64-mingw32/bin/../lib/gcc/nios2-elf/5.3.0/mno-hw-mul\libgcc.a(lib2-mul.o)
                                        0x193 (size before relaxing)
 .debug_str     0x0000000000000391      0x141 ../app00_bsp/\libhal_bsp.a(alt_load.o)
                                        0x228 (size before relaxing)
 .debug_str     0x00000000000004d2       0x5e ../app00_bsp/\libhal_bsp.a(alt_main.o)
                                        0x1a1 (size before relaxing)
 .debug_str     0x0000000000000530       0x5b ../app00_bsp/\libhal_bsp.a(alt_putstr.o)
                                        0x173 (size before relaxing)
 .debug_str     0x000000000000058b       0x88 ../app00_bsp/\libhal_bsp.a(alt_sys_init.o)
                                        0x1e0 (size before relaxing)
 .debug_str     0x0000000000000613       0x1f ../app00_bsp/\libhal_bsp.a(alt_dcache_flush_all.o)
                                        0x141 (size before relaxing)
 .debug_str     0x0000000000000632       0x1f ../app00_bsp/\libhal_bsp.a(alt_icache_flush_all.o)
                                        0x141 (size before relaxing)
 .debug_str     0x0000000000000651       0x20 ../app00_bsp/\libhal_bsp.a(altera_nios2_gen2_irq.o)
                                        0x148 (size before relaxing)
 .debug_str     0x0000000000000671      0x13a c:/intelfpga_lite/18.1/nios2eds/bin/gnu/h-x86_64-mingw32/bin/../lib/gcc/nios2-elf/5.3.0/../../../../../H-x86_64-mingw32/nios2-elf/lib/mno-hw-mul\libsmallc.a(lib_a-strlen.o)
                                        0x1e5 (size before relaxing)

.debug_loc      0x0000000000000000      0xa0c
 *(.debug_loc)
 .debug_loc     0x0000000000000000      0x435 obj/default/hello_world_small.o
 .debug_loc     0x0000000000000435      0x4ce c:/intelfpga_lite/18.1/nios2eds/bin/gnu/h-x86_64-mingw32/bin/../lib/gcc/nios2-elf/5.3.0/mno-hw-mul\libgcc.a(lib2-divmod.o)
 .debug_loc     0x0000000000000903       0x93 c:/intelfpga_lite/18.1/nios2eds/bin/gnu/h-x86_64-mingw32/bin/../lib/gcc/nios2-elf/5.3.0/mno-hw-mul\libgcc.a(lib2-mul.o)
 .debug_loc     0x0000000000000996       0x37 ../app00_bsp/\libhal_bsp.a(alt_putstr.o)
 .debug_loc     0x00000000000009cd       0x21 ../app00_bsp/\libhal_bsp.a(alt_sys_init.o)
 .debug_loc     0x00000000000009ee       0x1e c:/intelfpga_lite/18.1/nios2eds/bin/gnu/h-x86_64-mingw32/bin/../lib/gcc/nios2-elf/5.3.0/../../../../../H-x86_64-mingw32/nios2-elf/lib/mno-hw-mul\libsmallc.a(lib_a-strlen.o)

.debug_macinfo
 *(.debug_macinfo)

.debug_weaknames
 *(.debug_weaknames)

.debug_funcnames
 *(.debug_funcnames)

.debug_typenames
 *(.debug_typenames)

.debug_varnames
 *(.debug_varnames)

.debug_alt_sim_info
                0x0000000000000000       0x10
 *(.debug_alt_sim_info)
 .debug_alt_sim_info
                0x0000000000000000       0x10 ../app00_bsp//obj/HAL/src/crt0.o
                0x0000000000014000                __alt_data_end = 0x14000
                0x0000000000014000                PROVIDE (__alt_stack_pointer, __alt_data_end)
                [!provide]                        PROVIDE (__alt_stack_limit, __alt_stack_base)
                [!provide]                        PROVIDE (__alt_heap_start, end)
                [!provide]                        PROVIDE (__alt_heap_limit, 0x14000)
OUTPUT(app00.elf elf32-littlenios2)

.debug_ranges   0x0000000000000000      0x108
 .debug_ranges  0x0000000000000000       0x20 ../app00_bsp//obj/HAL/src/crt0.o
 .debug_ranges  0x0000000000000020       0x30 obj/default/hello_world_small.o
 .debug_ranges  0x0000000000000050       0x60 c:/intelfpga_lite/18.1/nios2eds/bin/gnu/h-x86_64-mingw32/bin/../lib/gcc/nios2-elf/5.3.0/mno-hw-mul\libgcc.a(lib2-divmod.o)
 .debug_ranges  0x00000000000000b0       0x48 ../app00_bsp/\libhal_bsp.a(alt_load.o)
 .debug_ranges  0x00000000000000f8       0x10 c:/intelfpga_lite/18.1/nios2eds/bin/gnu/h-x86_64-mingw32/bin/../lib/gcc/nios2-elf/5.3.0/../../../../../H-x86_64-mingw32/nios2-elf/lib/mno-hw-mul\libsmallc.a(lib_a-strlen.o)
